// Jest Snapshot v1, https://goo.gl/fbAQLP

exports[`flattenRoutes should flatten navdata 1`] = `
Array [
  Object {
    "path": "extending-waypoint",
    "title": "Overview",
  },
  Object {
    "path": "extending-waypoint/creating-plugins",
    "title": "Overview",
  },
  Object {
    "path": "extending-waypoint/creating-plugins/main",
    "title": "Registering Plugin Components",
  },
  Object {
    "path": "extending-waypoint/creating-plugins/configuration",
    "title": "Handling Configuration",
  },
  Object {
    "path": "extending-waypoint/creating-plugins/build-interface",
    "title": "Implementing the Builder Interface",
  },
  Object {
    "path": "extending-waypoint/creating-plugins/compiling",
    "title": "Compiling the Plugin",
  },
  Object {
    "path": "extending-waypoint/creating-plugins/example-application",
    "title": "Creating an Example Application",
  },
  Object {
    "path": "extending-waypoint/creating-plugins/testing",
    "title": "Testing the Plugin",
  },
  Object {
    "path": "extending-waypoint/main-func",
    "title": "Initializing the SDK",
  },
  Object {
    "path": "extending-waypoint/passing-values",
    "title": "Passing Values Between Components",
  },
  Object {
    "path": "extending-waypoint/plugin-interfaces",
    "title": "Overview",
  },
  Object {
    "path": "extending-waypoint/plugin-interfaces/authenticator",
    "title": "Authenticator",
  },
  Object {
    "path": "extending-waypoint/plugin-interfaces/configurable",
    "title": "Configurable",
  },
  Object {
    "path": "extending-waypoint/plugin-interfaces/configurable-notify",
    "title": "ConfigurableNotify",
  },
  Object {
    "path": "extending-waypoint/plugin-interfaces/builder",
    "title": "Builder",
  },
  Object {
    "path": "extending-waypoint/plugin-interfaces/registry",
    "title": "Registry",
  },
  Object {
    "path": "extending-waypoint/plugin-interfaces/platform",
    "title": "Platform",
  },
  Object {
    "path": "extending-waypoint/plugin-interfaces/release-manager",
    "title": "ReleaseManager",
  },
  Object {
    "path": "extending-waypoint/plugin-interfaces/destroy",
    "title": "Destroy",
  },
  Object {
    "path": "extending-waypoint/plugin-interfaces/default-parameters",
    "title": "Default Parameters",
  },
]
`;
